// Vitest Snapshot v1, https://vitest.dev/guide/snapshot.html

exports[`Navbar should match snapshot > snapshot test 1`] = `
<DocumentFragment>
  <div
    class="card relative z-2"
  >
    <div
      class="p-menubar p-component"
      data-pc-name="menubar"
      data-pc-section="root"
    >
      <a
        class="p-menubar-button"
        data-pc-section="button"
        href="#"
        role="button"
        tabindex="0"
      >
        <svg
          aria-hidden="true"
          class="p-icon"
          data-pc-section="popupicon"
          fill="none"
          height="14"
          viewBox="0 0 14 14"
          width="14"
          xmlns="http://www.w3.org/2000/svg"
        >
          <path
            clip-rule="evenodd"
            d="M13.3226 3.6129H0.677419C0.497757 3.6129 0.325452 3.54152 0.198411 3.41448C0.0713707 3.28744 0 3.11514 0 2.93548C0 2.75581 0.0713707 2.58351 0.198411 2.45647C0.325452 2.32943 0.497757 2.25806 0.677419 2.25806H13.3226C13.5022 2.25806 13.6745 2.32943 13.8016 2.45647C13.9286 2.58351 14 2.75581 14 2.93548C14 3.11514 13.9286 3.28744 13.8016 3.41448C13.6745 3.54152 13.5022 3.6129 13.3226 3.6129ZM13.3226 7.67741H0.677419C0.497757 7.67741 0.325452 7.60604 0.198411 7.479C0.0713707 7.35196 0 7.17965 0 6.99999C0 6.82033 0.0713707 6.64802 0.198411 6.52098C0.325452 6.39394 0.497757 6.32257 0.677419 6.32257H13.3226C13.5022 6.32257 13.6745 6.39394 13.8016 6.52098C13.9286 6.64802 14 6.82033 14 6.99999C14 7.17965 13.9286 7.35196 13.8016 7.479C13.6745 7.60604 13.5022 7.67741 13.3226 7.67741ZM0.677419 11.7419H13.3226C13.5022 11.7419 13.6745 11.6706 13.8016 11.5435C13.9286 11.4165 14 11.2442 14 11.0645C14 10.8848 13.9286 10.7125 13.8016 10.5855C13.6745 10.4585 13.5022 10.3871 13.3226 10.3871H0.677419C0.497757 10.3871 0.325452 10.4585 0.198411 10.5855C0.0713707 10.7125 0 10.8848 0 11.0645C0 11.2442 0.0713707 11.4165 0.198411 11.5435C0.325452 11.6706 0.497757 11.7419 0.677419 11.7419Z"
            fill="currentColor"
            fill-rule="evenodd"
          />
        </svg>
      </a>
      <ul
        class="p-menubar-root-list"
        data-pc-section="menu"
        role="menubar"
      >
        <li
          class="bg-gray-100 shadow-1 p-menuitem"
          data-p-disabled="false"
          data-pc-section="menuitem"
          id="menuitem-home"
          role="none"
        >
          <a
            aria-haspopup="false"
            class="p-menuitem-link"
            data-pc-section="action"
            href="#"
            role="menuitem"
          >
            <span
              class="p-menuitem-icon pi pi-fw pi-home"
              data-pc-section="icon"
            />
            <span
              class="p-menuitem-text"
              data-pc-section="label"
            >
              Home
            </span>
          </a>
        </li>
        <li
          class="p-menuitem"
          data-p-disabled="false"
          data-pc-section="menuitem"
          id="menuitem-decks"
          role="none"
        >
          <a
            aria-haspopup="false"
            class="p-menuitem-link"
            data-pc-section="action"
            href="#"
            role="menuitem"
          >
            <span
              class="p-menuitem-icon pi pi-fw pi-database"
              data-pc-section="icon"
            />
            <span
              class="p-menuitem-text"
              data-pc-section="label"
            >
              Decks
            </span>
          </a>
        </li>
        <li
          class="p-menuitem"
          data-p-disabled="false"
          data-pc-section="menuitem"
          id="menuitem-filter"
          role="none"
        >
          <a
            aria-haspopup="true"
            class="p-menuitem-link"
            data-pc-section="action"
            href="#"
            role="menuitem"
          >
            <span
              class="p-menuitem-icon pi pi-fw pi-filter"
              data-pc-section="icon"
            />
            <span
              class="p-menuitem-text"
              data-pc-section="label"
            >
              Filter
            </span>
            <svg
              aria-hidden="true"
              class="p-icon p-submenu-icon"
              data-pc-section="submenuicon"
              fill="none"
              height="14"
              viewBox="0 0 14 14"
              width="14"
              xmlns="http://www.w3.org/2000/svg"
            >
              <path
                d="M3.58659 4.5007C3.68513 4.50023 3.78277 4.51945 3.87379 4.55723C3.9648 4.59501 4.04735 4.65058 4.11659 4.7207L7.11659 7.7207L10.1166 4.7207C10.2619 4.65055 10.4259 4.62911 10.5843 4.65956C10.7427 4.69002 10.8871 4.77074 10.996 4.88976C11.1049 5.00877 11.1726 5.15973 11.1889 5.32022C11.2052 5.48072 11.1693 5.6422 11.0866 5.7807L7.58659 9.2807C7.44597 9.42115 7.25534 9.50004 7.05659 9.50004C6.85784 9.50004 6.66722 9.42115 6.52659 9.2807L3.02659 5.7807C2.88614 5.64007 2.80725 5.44945 2.80725 5.2507C2.80725 5.05195 2.88614 4.86132 3.02659 4.7207C3.09932 4.64685 3.18675 4.58911 3.28322 4.55121C3.37969 4.51331 3.48305 4.4961 3.58659 4.5007Z"
                fill="currentColor"
              />
            </svg>
          </a>
          <ul
            class="p-submenu-list"
            data-pc-section="submenu"
            role="menu"
            style="display: none;"
          />
        </li>
        <li
          class="p-menuitem"
          data-p-disabled="false"
          data-pc-section="menuitem"
          id="menuitem-faction"
          role="none"
        >
          <a
            aria-haspopup="true"
            class="p-menuitem-link"
            data-pc-section="action"
            href="#"
            role="menuitem"
          >
            <span
              class="p-menuitem-icon pi pi-fw pi-prime"
              data-pc-section="icon"
            />
            <span
              class="p-menuitem-text"
              data-pc-section="label"
            >
              Faction
            </span>
            <svg
              aria-hidden="true"
              class="p-icon p-submenu-icon"
              data-pc-section="submenuicon"
              fill="none"
              height="14"
              viewBox="0 0 14 14"
              width="14"
              xmlns="http://www.w3.org/2000/svg"
            >
              <path
                d="M5.25 11.1728C5.14929 11.1694 5.05033 11.1455 4.9592 11.1025C4.86806 11.0595 4.78666 10.9984 4.72 10.9228C4.57955 10.7822 4.50066 10.5916 4.50066 10.3928C4.50066 10.1941 4.57955 10.0035 4.72 9.86283L7.72 6.86283L4.72 3.86283C4.66067 3.71882 4.64765 3.55991 4.68275 3.40816C4.71785 3.25642 4.79932 3.11936 4.91585 3.01602C5.03238 2.91268 5.17819 2.84819 5.33305 2.83149C5.4879 2.81479 5.64411 2.84671 5.78 2.92283L9.28 6.42283C9.42045 6.56346 9.49934 6.75408 9.49934 6.95283C9.49934 7.15158 9.42045 7.34221 9.28 7.48283L5.78 10.9228C5.71333 10.9984 5.63193 11.0595 5.5408 11.1025C5.44966 11.1455 5.35071 11.1694 5.25 11.1728Z"
                fill="currentColor"
              />
            </svg>
          </a>
          <ul
            class="p-submenu-list"
            data-pc-section="submenu"
            role="menu"
            style="display: none;"
          />
        </li>
        <li
          class="p-menuitem"
          data-p-disabled="false"
          data-pc-section="menuitem"
          id="menuitem-neutral"
          role="none"
        >
          <a
            aria-haspopup="false"
            class="p-menuitem-link"
            data-pc-section="action"
            href="#"
            role="menuitem"
          >
            <span
              class="p-menuitem-text"
              data-pc-section="label"
            >
              Neutral
            </span>
          </a>
        </li>
        <li
          class="p-menuitem"
          data-p-disabled="false"
          data-pc-section="menuitem"
          id="menuitem-alliance"
          role="none"
        >
          <a
            aria-haspopup="false"
            class="p-menuitem-link"
            data-pc-section="action"
            href="#"
            role="menuitem"
          >
            <span
              class="p-menuitem-text"
              data-pc-section="label"
            >
              Alliance
            </span>
          </a>
        </li>
        <li
          class="p-menuitem"
          data-p-disabled="false"
          data-pc-section="menuitem"
          id="menuitem-horde"
          role="none"
        >
          <a
            aria-haspopup="false"
            class="p-menuitem-link"
            data-pc-section="action"
            href="#"
            role="menuitem"
          >
            <span
              class="p-menuitem-text"
              data-pc-section="label"
            >
              Horde
            </span>
          </a>
        </li>
      </ul>
      <li
        class="p-menuitem"
        data-p-disabled="false"
        data-pc-section="menuitem"
        id="menuitem-rarity"
        role="none"
      >
        <a
          aria-haspopup="true"
          class="p-menuitem-link"
          data-pc-section="action"
          href="#"
          role="menuitem"
        >
          <span
            class="p-menuitem-icon pi pi-fw pi-box"
            data-pc-section="icon"
          />
          <span
            class="p-menuitem-text"
            data-pc-section="label"
          >
            Rarity
          </span>
          <svg
            aria-hidden="true"
            class="p-icon p-submenu-icon"
            data-pc-section="submenuicon"
            fill="none"
            height="14"
            viewBox="0 0 14 14"
            width="14"
            xmlns="http://www.w3.org/2000/svg"
          >
            <path
              d="M5.25 11.1728C5.14929 11.1694 5.05033 11.1455 4.9592 11.1025C4.86806 11.0595 4.78666 10.9984 4.72 10.9228C4.57955 10.7822 4.50066 10.5916 4.50066 10.3928C4.50066 10.1941 4.57955 10.0035 4.72 9.86283L7.72 6.86283L4.72 3.86283C4.66067 3.71882 4.64765 3.55991 4.68275 3.40816C4.71785 3.25642 4.79932 3.11936 4.91585 3.01602C5.03238 2.91268 5.17819 2.84819 5.33305 2.83149C5.4879 2.81479 5.64411 2.84671 5.78 2.92283L9.28 6.42283C9.42045 6.56346 9.49934 6.75408 9.49934 6.95283C9.49934 7.15158 9.42045 7.34221 9.28 7.48283L5.78 10.9228C5.71333 10.9984 5.63193 11.0595 5.5408 11.1025C5.44966 11.1455 5.35071 11.1694 5.25 11.1728Z"
              fill="currentColor"
            />
          </svg>
        </a>
        <ul
          class="p-submenu-list"
          data-pc-section="submenu"
          role="menu"
          style="display: none;"
        />
      </li>
      <li
        class="p-menuitem"
        data-p-disabled="false"
        data-pc-section="menuitem"
        id="menuitem-free"
        role="none"
      >
        <a
          aria-haspopup="false"
          class="p-menuitem-link"
          data-pc-section="action"
          href="#"
          role="menuitem"
        >
          <span
            class="p-menuitem-text"
            data-pc-section="label"
          >
            Free
          </span>
        </a>
      </li>
      <li
        class="p-menuitem"
        data-p-disabled="false"
        data-pc-section="menuitem"
        id="menuitem-common"
        role="none"
      >
        <a
          aria-haspopup="false"
          class="p-menuitem-link"
          data-pc-section="action"
          href="#"
          role="menuitem"
        >
          <span
            class="p-menuitem-text"
            data-pc-section="label"
          >
            Common
          </span>
        </a>
      </li>
      <li
        class="p-menuitem"
        data-p-disabled="false"
        data-pc-section="menuitem"
        id="menuitem-rare"
        role="none"
      >
        <a
          aria-haspopup="false"
          class="p-menuitem-link"
          data-pc-section="action"
          href="#"
          role="menuitem"
        >
          <span
            class="p-menuitem-text"
            data-pc-section="label"
          >
            Rare
          </span>
        </a>
      </li>
      <li
        class="p-menuitem"
        data-p-disabled="false"
        data-pc-section="menuitem"
        id="menuitem-epic"
        role="none"
      >
        <a
          aria-haspopup="false"
          class="p-menuitem-link"
          data-pc-section="action"
          href="#"
          role="menuitem"
        >
          <span
            class="p-menuitem-text"
            data-pc-section="label"
          >
            Epic
          </span>
        </a>
      </li>
      <li
        class="p-menuitem"
        data-p-disabled="false"
        data-pc-section="menuitem"
        id="menuitem-legendary"
        role="none"
      >
        <a
          aria-haspopup="false"
          class="p-menuitem-link"
          data-pc-section="action"
          href="#"
          role="menuitem"
        >
          <span
            class="p-menuitem-text"
            data-pc-section="label"
          >
            Legendary
          </span>
        </a>
      </li>
      <li
        class="p-menuitem"
        data-p-disabled="false"
        data-pc-section="menuitem"
        id="menuitem-type"
        role="none"
      >
        <a
          aria-haspopup="true"
          class="p-menuitem-link"
          data-pc-section="action"
          href="#"
          role="menuitem"
        >
          <span
            class="p-menuitem-icon pi pi-fw pi-book"
            data-pc-section="icon"
          />
          <span
            class="p-menuitem-text"
            data-pc-section="label"
          >
            Type
          </span>
          <svg
            aria-hidden="true"
            class="p-icon p-submenu-icon"
            data-pc-section="submenuicon"
            fill="none"
            height="14"
            viewBox="0 0 14 14"
            width="14"
            xmlns="http://www.w3.org/2000/svg"
          >
            <path
              d="M5.25 11.1728C5.14929 11.1694 5.05033 11.1455 4.9592 11.1025C4.86806 11.0595 4.78666 10.9984 4.72 10.9228C4.57955 10.7822 4.50066 10.5916 4.50066 10.3928C4.50066 10.1941 4.57955 10.0035 4.72 9.86283L7.72 6.86283L4.72 3.86283C4.66067 3.71882 4.64765 3.55991 4.68275 3.40816C4.71785 3.25642 4.79932 3.11936 4.91585 3.01602C5.03238 2.91268 5.17819 2.84819 5.33305 2.83149C5.4879 2.81479 5.64411 2.84671 5.78 2.92283L9.28 6.42283C9.42045 6.56346 9.49934 6.75408 9.49934 6.95283C9.49934 7.15158 9.42045 7.34221 9.28 7.48283L5.78 10.9228C5.71333 10.9984 5.63193 11.0595 5.5408 11.1025C5.44966 11.1455 5.35071 11.1694 5.25 11.1728Z"
              fill="currentColor"
            />
          </svg>
        </a>
        <ul
          class="p-submenu-list"
          data-pc-section="submenu"
          role="menu"
          style="display: none;"
        />
      </li>
      <li
        class="p-menuitem"
        data-p-disabled="false"
        data-pc-section="menuitem"
        id="menuitem-spell"
        role="none"
      >
        <a
          aria-haspopup="false"
          class="p-menuitem-link"
          data-pc-section="action"
          href="#"
          role="menuitem"
        >
          <span
            class="p-menuitem-text"
            data-pc-section="label"
          >
            Spell
          </span>
        </a>
      </li>
      <li
        class="p-menuitem"
        data-p-disabled="false"
        data-pc-section="menuitem"
        id="menuitem-minion"
        role="none"
      >
        <a
          aria-haspopup="false"
          class="p-menuitem-link"
          data-pc-section="action"
          href="#"
          role="menuitem"
        >
          <span
            class="p-menuitem-text"
            data-pc-section="label"
          >
            Minion
          </span>
        </a>
      </li>
      <li
        class="p-menuitem"
        data-p-disabled="false"
        data-pc-section="menuitem"
        id="menuitem-hero"
        role="none"
      >
        <a
          aria-haspopup="false"
          class="p-menuitem-link"
          data-pc-section="action"
          href="#"
          role="menuitem"
        >
          <span
            class="p-menuitem-text"
            data-pc-section="label"
          >
            Hero
          </span>
        </a>
      </li>
      <li
        class="p-menuitem"
        data-p-disabled="false"
        data-pc-section="menuitem"
        id="menuitem-hero-power"
        role="none"
      >
        <a
          aria-haspopup="false"
          class="p-menuitem-link"
          data-pc-section="action"
          href="#"
          role="menuitem"
        >
          <span
            class="p-menuitem-text"
            data-pc-section="label"
          >
            Hero power
          </span>
        </a>
      </li>
      <li
        class="p-menuitem"
        data-p-disabled="false"
        data-pc-section="menuitem"
        id="menuitem-weapon"
        role="none"
      >
        <a
          aria-haspopup="false"
          class="p-menuitem-link"
          data-pc-section="action"
          href="#"
          role="menuitem"
        >
          <span
            class="p-menuitem-text"
            data-pc-section="label"
          >
            Weapons
          </span>
        </a>
      </li>
      <li
        class="p-menuitem"
        data-p-disabled="false"
        data-pc-section="menuitem"
        id="menuitem-location"
        role="none"
      >
        <a
          aria-haspopup="false"
          class="p-menuitem-link"
          data-pc-section="action"
          href="#"
          role="menuitem"
        >
          <span
            class="p-menuitem-text"
            data-pc-section="label"
          >
            Location
          </span>
        </a>
      </li>
      <li
        class="p-menu-separator"
        data-pc-section="separator"
        id="pr_id_3_2_separator_3"
        role="separator"
      />
      <li
        class="p-menuitem"
        data-p-disabled="true"
        data-pc-section="menuitem"
        id="menuitem-reset-filters"
        role="none"
      >
        <a
          aria-haspopup="false"
          class="p-menuitem-link p-disabled"
          data-pc-section="action"
          href="#"
          role="menuitem"
        >
          <span
            class="p-menuitem-icon pi pi-fw pi-filter-slash"
            data-pc-section="icon"
          />
          <span
            class="p-menuitem-text"
            data-pc-section="label"
          >
            Reset filters
          </span>
        </a>
      </li>
      <li
        class="p-menuitem"
        data-p-disabled="false"
        data-pc-section="menuitem"
        id="menuitem-sort"
        role="none"
      >
        <a
          aria-haspopup="true"
          class="p-menuitem-link"
          data-pc-section="action"
          href="#"
          role="menuitem"
        >
          <span
            class="p-menuitem-icon pi pi-fw pi-sort-alt"
            data-pc-section="icon"
          />
          <span
            class="p-menuitem-text"
            data-pc-section="label"
          >
            Sort
          </span>
          <svg
            aria-hidden="true"
            class="p-icon p-submenu-icon"
            data-pc-section="submenuicon"
            fill="none"
            height="14"
            viewBox="0 0 14 14"
            width="14"
            xmlns="http://www.w3.org/2000/svg"
          >
            <path
              d="M3.58659 4.5007C3.68513 4.50023 3.78277 4.51945 3.87379 4.55723C3.9648 4.59501 4.04735 4.65058 4.11659 4.7207L7.11659 7.7207L10.1166 4.7207C10.2619 4.65055 10.4259 4.62911 10.5843 4.65956C10.7427 4.69002 10.8871 4.77074 10.996 4.88976C11.1049 5.00877 11.1726 5.15973 11.1889 5.32022C11.2052 5.48072 11.1693 5.6422 11.0866 5.7807L7.58659 9.2807C7.44597 9.42115 7.25534 9.50004 7.05659 9.50004C6.85784 9.50004 6.66722 9.42115 6.52659 9.2807L3.02659 5.7807C2.88614 5.64007 2.80725 5.44945 2.80725 5.2507C2.80725 5.05195 2.88614 4.86132 3.02659 4.7207C3.09932 4.64685 3.18675 4.58911 3.28322 4.55121C3.37969 4.51331 3.48305 4.4961 3.58659 4.5007Z"
              fill="currentColor"
            />
          </svg>
        </a>
        <ul
          class="p-submenu-list"
          data-pc-section="submenu"
          role="menu"
          style="display: none;"
        />
      </li>
      <li
        class="p-menuitem"
        data-p-disabled="false"
        data-pc-section="menuitem"
        id="menuitem-cost"
        role="none"
      >
        <a
          aria-haspopup="true"
          class="p-menuitem-link"
          data-pc-section="action"
          href="#"
          role="menuitem"
        >
          <span
            class="p-menuitem-icon pi pi-fw pi-money-bill"
            data-pc-section="icon"
          />
          <span
            class="p-menuitem-text"
            data-pc-section="label"
          >
            Cost
          </span>
          <svg
            aria-hidden="true"
            class="p-icon p-submenu-icon"
            data-pc-section="submenuicon"
            fill="none"
            height="14"
            viewBox="0 0 14 14"
            width="14"
            xmlns="http://www.w3.org/2000/svg"
          >
            <path
              d="M5.25 11.1728C5.14929 11.1694 5.05033 11.1455 4.9592 11.1025C4.86806 11.0595 4.78666 10.9984 4.72 10.9228C4.57955 10.7822 4.50066 10.5916 4.50066 10.3928C4.50066 10.1941 4.57955 10.0035 4.72 9.86283L7.72 6.86283L4.72 3.86283C4.66067 3.71882 4.64765 3.55991 4.68275 3.40816C4.71785 3.25642 4.79932 3.11936 4.91585 3.01602C5.03238 2.91268 5.17819 2.84819 5.33305 2.83149C5.4879 2.81479 5.64411 2.84671 5.78 2.92283L9.28 6.42283C9.42045 6.56346 9.49934 6.75408 9.49934 6.95283C9.49934 7.15158 9.42045 7.34221 9.28 7.48283L5.78 10.9228C5.71333 10.9984 5.63193 11.0595 5.5408 11.1025C5.44966 11.1455 5.35071 11.1694 5.25 11.1728Z"
              fill="currentColor"
            />
          </svg>
        </a>
        <ul
          class="p-submenu-list"
          data-pc-section="submenu"
          role="menu"
          style="display: none;"
        />
      </li>
      <li
        class="p-menuitem"
        data-p-disabled="false"
        data-pc-section="menuitem"
        id="menuitem-cost-htl"
        role="none"
      >
        <a
          aria-haspopup="false"
          class="p-menuitem-link"
          data-pc-section="action"
          href="#"
          role="menuitem"
        >
          <span
            class="p-menuitem-icon pi pi-fw pi-sort-numeric-down-alt"
            data-pc-section="icon"
          />
          <span
            class="p-menuitem-text"
            data-pc-section="label"
          >
            High to low
          </span>
        </a>
      </li>
      <li
        class="p-menuitem"
        data-p-disabled="false"
        data-pc-section="menuitem"
        id="menuitem-cost-lth"
        role="none"
      >
        <a
          aria-haspopup="false"
          class="p-menuitem-link"
          data-pc-section="action"
          href="#"
          role="menuitem"
        >
          <span
            class="p-menuitem-icon pi pi-fw pi-sort-numeric-up"
            data-pc-section="icon"
          />
          <span
            class="p-menuitem-text"
            data-pc-section="label"
          >
            Low to high
          </span>
        </a>
      </li>
      <li
        class="p-menuitem"
        data-p-disabled="false"
        data-pc-section="menuitem"
        id="menuitem-name"
        role="none"
      >
        <a
          aria-haspopup="true"
          class="p-menuitem-link"
          data-pc-section="action"
          href="#"
          role="menuitem"
        >
          <span
            class="p-menuitem-icon pi pi-fw pi-id-card"
            data-pc-section="icon"
          />
          <span
            class="p-menuitem-text"
            data-pc-section="label"
          >
            Name
          </span>
          <svg
            aria-hidden="true"
            class="p-icon p-submenu-icon"
            data-pc-section="submenuicon"
            fill="none"
            height="14"
            viewBox="0 0 14 14"
            width="14"
            xmlns="http://www.w3.org/2000/svg"
          >
            <path
              d="M5.25 11.1728C5.14929 11.1694 5.05033 11.1455 4.9592 11.1025C4.86806 11.0595 4.78666 10.9984 4.72 10.9228C4.57955 10.7822 4.50066 10.5916 4.50066 10.3928C4.50066 10.1941 4.57955 10.0035 4.72 9.86283L7.72 6.86283L4.72 3.86283C4.66067 3.71882 4.64765 3.55991 4.68275 3.40816C4.71785 3.25642 4.79932 3.11936 4.91585 3.01602C5.03238 2.91268 5.17819 2.84819 5.33305 2.83149C5.4879 2.81479 5.64411 2.84671 5.78 2.92283L9.28 6.42283C9.42045 6.56346 9.49934 6.75408 9.49934 6.95283C9.49934 7.15158 9.42045 7.34221 9.28 7.48283L5.78 10.9228C5.71333 10.9984 5.63193 11.0595 5.5408 11.1025C5.44966 11.1455 5.35071 11.1694 5.25 11.1728Z"
              fill="currentColor"
            />
          </svg>
        </a>
        <ul
          class="p-submenu-list"
          data-pc-section="submenu"
          role="menu"
          style="display: none;"
        />
      </li>
      <li
        class="p-menuitem"
        data-p-disabled="false"
        data-pc-section="menuitem"
        id="menuitem-name-az"
        role="none"
      >
        <a
          aria-haspopup="false"
          class="p-menuitem-link"
          data-pc-section="action"
          href="#"
          role="menuitem"
        >
          <span
            class="p-menuitem-icon pi pi-fw pi-sort-alpha-down"
            data-pc-section="icon"
          />
          <span
            class="p-menuitem-text"
            data-pc-section="label"
          >
            A-Z
          </span>
        </a>
      </li>
      <li
        class="p-menuitem"
        data-p-disabled="false"
        data-pc-section="menuitem"
        id="menuitem-name-za"
        role="none"
      >
        <a
          aria-haspopup="false"
          class="p-menuitem-link"
          data-pc-section="action"
          href="#"
          role="menuitem"
        >
          <span
            class="p-menuitem-icon pi pi-fw pi-sort-alpha-up-alt"
            data-pc-section="icon"
          />
          <span
            class="p-menuitem-text"
            data-pc-section="label"
          >
            Z-A
          </span>
        </a>
      </li>
      <li
        class="p-menuitem"
        data-p-disabled="false"
        data-pc-section="menuitem"
        id="menuitem-attack"
        role="none"
      >
        <a
          aria-haspopup="true"
          class="p-menuitem-link"
          data-pc-section="action"
          href="#"
          role="menuitem"
        >
          <span
            class="p-menuitem-icon pi pi-fw pi-wrench"
            data-pc-section="icon"
          />
          <span
            class="p-menuitem-text"
            data-pc-section="label"
          >
            Attack
          </span>
          <svg
            aria-hidden="true"
            class="p-icon p-submenu-icon"
            data-pc-section="submenuicon"
            fill="none"
            height="14"
            viewBox="0 0 14 14"
            width="14"
            xmlns="http://www.w3.org/2000/svg"
          >
            <path
              d="M5.25 11.1728C5.14929 11.1694 5.05033 11.1455 4.9592 11.1025C4.86806 11.0595 4.78666 10.9984 4.72 10.9228C4.57955 10.7822 4.50066 10.5916 4.50066 10.3928C4.50066 10.1941 4.57955 10.0035 4.72 9.86283L7.72 6.86283L4.72 3.86283C4.66067 3.71882 4.64765 3.55991 4.68275 3.40816C4.71785 3.25642 4.79932 3.11936 4.91585 3.01602C5.03238 2.91268 5.17819 2.84819 5.33305 2.83149C5.4879 2.81479 5.64411 2.84671 5.78 2.92283L9.28 6.42283C9.42045 6.56346 9.49934 6.75408 9.49934 6.95283C9.49934 7.15158 9.42045 7.34221 9.28 7.48283L5.78 10.9228C5.71333 10.9984 5.63193 11.0595 5.5408 11.1025C5.44966 11.1455 5.35071 11.1694 5.25 11.1728Z"
              fill="currentColor"
            />
          </svg>
        </a>
        <ul
          class="p-submenu-list"
          data-pc-section="submenu"
          role="menu"
          style="display: none;"
        />
      </li>
      <li
        class="p-menuitem"
        data-p-disabled="false"
        data-pc-section="menuitem"
        id="menuitem-attack-htl"
        role="none"
      >
        <a
          aria-haspopup="false"
          class="p-menuitem-link"
          data-pc-section="action"
          href="#"
          role="menuitem"
        >
          <span
            class="p-menuitem-icon pi pi-fw pi-sort-numeric-down-alt"
            data-pc-section="icon"
          />
          <span
            class="p-menuitem-text"
            data-pc-section="label"
          >
            High to low
          </span>
        </a>
      </li>
      <li
        class="p-menuitem"
        data-p-disabled="false"
        data-pc-section="menuitem"
        id="menuitem-attack-lth"
        role="none"
      >
        <a
          aria-haspopup="false"
          class="p-menuitem-link"
          data-pc-section="action"
          href="#"
          role="menuitem"
        >
          <span
            class="p-menuitem-icon pi pi-fw pi-sort-numeric-up"
            data-pc-section="icon"
          />
          <span
            class="p-menuitem-text"
            data-pc-section="label"
          >
            Low to high
          </span>
        </a>
      </li>
      <li
        class="p-menuitem"
        data-p-disabled="false"
        data-pc-section="menuitem"
        id="menuitem-health"
        role="none"
      >
        <a
          aria-haspopup="true"
          class="p-menuitem-link"
          data-pc-section="action"
          href="#"
          role="menuitem"
        >
          <span
            class="p-menuitem-icon pi pi-fw pi-heart"
            data-pc-section="icon"
          />
          <span
            class="p-menuitem-text"
            data-pc-section="label"
          >
            Health
          </span>
          <svg
            aria-hidden="true"
            class="p-icon p-submenu-icon"
            data-pc-section="submenuicon"
            fill="none"
            height="14"
            viewBox="0 0 14 14"
            width="14"
            xmlns="http://www.w3.org/2000/svg"
          >
            <path
              d="M5.25 11.1728C5.14929 11.1694 5.05033 11.1455 4.9592 11.1025C4.86806 11.0595 4.78666 10.9984 4.72 10.9228C4.57955 10.7822 4.50066 10.5916 4.50066 10.3928C4.50066 10.1941 4.57955 10.0035 4.72 9.86283L7.72 6.86283L4.72 3.86283C4.66067 3.71882 4.64765 3.55991 4.68275 3.40816C4.71785 3.25642 4.79932 3.11936 4.91585 3.01602C5.03238 2.91268 5.17819 2.84819 5.33305 2.83149C5.4879 2.81479 5.64411 2.84671 5.78 2.92283L9.28 6.42283C9.42045 6.56346 9.49934 6.75408 9.49934 6.95283C9.49934 7.15158 9.42045 7.34221 9.28 7.48283L5.78 10.9228C5.71333 10.9984 5.63193 11.0595 5.5408 11.1025C5.44966 11.1455 5.35071 11.1694 5.25 11.1728Z"
              fill="currentColor"
            />
          </svg>
        </a>
        <ul
          class="p-submenu-list"
          data-pc-section="submenu"
          role="menu"
          style="display: none;"
        />
      </li>
      <li
        class="p-menuitem"
        data-p-disabled="false"
        data-pc-section="menuitem"
        id="menuitem-health-htl"
        role="none"
      >
        <a
          aria-haspopup="false"
          class="p-menuitem-link"
          data-pc-section="action"
          href="#"
          role="menuitem"
        >
          <span
            class="p-menuitem-icon pi pi-fw pi-sort-numeric-down-alt"
            data-pc-section="icon"
          />
          <span
            class="p-menuitem-text"
            data-pc-section="label"
          >
            High to low
          </span>
        </a>
      </li>
      <li
        class="p-menuitem"
        data-p-disabled="false"
        data-pc-section="menuitem"
        id="menuitem-health-lth"
        role="none"
      >
        <a
          aria-haspopup="false"
          class="p-menuitem-link"
          data-pc-section="action"
          href="#"
          role="menuitem"
        >
          <span
            class="p-menuitem-icon pi pi-fw pi-sort-numeric-up"
            data-pc-section="icon"
          />
          <span
            class="p-menuitem-text"
            data-pc-section="label"
          >
            Low to high
          </span>
        </a>
      </li>
      <li
        class="p-menuitem"
        data-p-disabled="false"
        data-pc-section="menuitem"
        id="menuitem-layout"
        role="none"
      >
        <a
          aria-haspopup="false"
          class="p-menuitem-link"
          data-pc-section="action"
          href="#"
          role="menuitem"
        >
          <span
            class="p-menuitem-icon pi pi-fw pi-list"
            data-pc-section="icon"
          />
          <span
            class="p-menuitem-text"
            data-pc-section="label"
          >
            List
          </span>
        </a>
      </li>
      <li
        class="p-menuitem"
        data-p-disabled="false"
        data-pc-section="menuitem"
        id="menuitem-searchbar"
        role="none"
      >
        <input
          class="p-inputtext p-component"
          data-pc-name="inputtext"
          data-pc-section="root"
          id="search"
          placeholder="Search"
          type="search"
        />
      </li>
      <li
        class="p-menuitem"
        data-p-disabled="false"
        data-pc-section="menuitem"
        id="menuitem-profile"
        role="none"
      >
        <a
          aria-haspopup="true"
          class="p-menuitem-link"
          data-pc-section="action"
          href="#"
          role="menuitem"
        >
          <span
            class="p-menuitem-icon pi pi-fw pi-user"
            data-pc-section="icon"
          />
          <span
            class="p-menuitem-text"
            data-pc-section="label"
          >
            Profile
          </span>
          <svg
            aria-hidden="true"
            class="p-icon p-submenu-icon"
            data-pc-section="submenuicon"
            fill="none"
            height="14"
            viewBox="0 0 14 14"
            width="14"
            xmlns="http://www.w3.org/2000/svg"
          >
            <path
              d="M3.58659 4.5007C3.68513 4.50023 3.78277 4.51945 3.87379 4.55723C3.9648 4.59501 4.04735 4.65058 4.11659 4.7207L7.11659 7.7207L10.1166 4.7207C10.2619 4.65055 10.4259 4.62911 10.5843 4.65956C10.7427 4.69002 10.8871 4.77074 10.996 4.88976C11.1049 5.00877 11.1726 5.15973 11.1889 5.32022C11.2052 5.48072 11.1693 5.6422 11.0866 5.7807L7.58659 9.2807C7.44597 9.42115 7.25534 9.50004 7.05659 9.50004C6.85784 9.50004 6.66722 9.42115 6.52659 9.2807L3.02659 5.7807C2.88614 5.64007 2.80725 5.44945 2.80725 5.2507C2.80725 5.05195 2.88614 4.86132 3.02659 4.7207C3.09932 4.64685 3.18675 4.58911 3.28322 4.55121C3.37969 4.51331 3.48305 4.4961 3.58659 4.5007Z"
              fill="currentColor"
            />
          </svg>
        </a>
        <ul
          class="p-submenu-list"
          data-pc-section="submenu"
          role="menu"
          style="display: none;"
        />
      </li>
      <li
        class="p-menuitem"
        data-p-disabled="false"
        data-pc-section="menuitem"
        id="menuitem-login-logout"
        role="none"
      >
        <a
          aria-haspopup="false"
          class="p-menuitem-link"
          data-pc-section="action"
          href="#"
          role="menuitem"
        >
          <span
            class="p-menuitem-icon pi pi-fw pi-user-plus"
            data-pc-section="icon"
          />
          <span
            class="p-menuitem-text"
            data-pc-section="label"
          >
            Login
          </span>
        </a>
      </li>
      <li
        class="p-menu-separator"
        data-pc-section="separator"
        id="pr_id_3_6_separator_1"
        role="separator"
      />
      <li
        class="p-menuitem"
        data-p-disabled="false"
        data-pc-section="menuitem"
        id="menuitem-data-saver"
        role="none"
      >
        <a
          aria-haspopup="false"
          class="p-menuitem-link"
          data-pc-section="action"
          href="#"
          role="menuitem"
        >
          <span
            class="p-menuitem-icon pi pi-fw pi-bolt"
            data-pc-section="icon"
          />
          <span
            class="p-menuitem-text"
            data-pc-section="label"
          >
            Enable Data Saver
          </span>
        </a>
      </li>
      <li
        class="p-menuitem"
        data-p-disabled="false"
        data-pc-section="menuitem"
        id="menuitem-theme-change"
        role="none"
      >
        <a
          aria-haspopup="false"
          class="p-menuitem-link"
          data-pc-section="action"
          href="#"
          role="menuitem"
        >
          <span
            class="p-menuitem-icon pi pi-fw pi-moon"
            data-pc-section="icon"
          />
          <span
            class="p-menuitem-text"
            data-pc-section="label"
          >
            Dark mode
          </span>
        </a>
      </li>
    </div>
  </div>
</DocumentFragment>
`;
